// Jest Snapshot v1, https://goo.gl/fbAQLP

exports[`Computed SVG stats 1`] = `"data:image/svg+xml;charset=utf-8,%3Csvg%20xmlns%3D%22http%3A%2F%2Fwww.w3.org%2F2000%2Fsvg%22%20viewBox%3D%220%200%20300%20100%22%20width%3D%22300%22%20height%3D%22100%22%3E%3Crect%20width%3D%22100%25%22%20height%3D%22100%25%22%20fill%3D%22%233498db%22%20rx%3D%224%22%20ry%3D%224%22%3E%3C%2Frect%3E%3Cline%20x1%3D%220%25%22%20x2%3D%22100%25%22%20y1%3D%2250%25%22%20y2%3D%2250%25%22%20opacity%3D%220.3%22%20stroke%3D%22white%22%20stroke-dasharray%3D%2217%22%3E%3C%2Fline%3E%3Cpath%20d%3D%22M0%2090%20L100%2050%20L200%2010%20L300%2082%20%22%20fill%3D%22none%22%20stroke%3D%22white%22%20opacity%3D%221%22%20stroke-width%3D%225%22%3E%3C%2Fpath%3E%3C%2Fsvg%3E"`;

exports[`Empty SVG stats 1`] = `"data:image/svg+xml;charset=utf-8,%3Csvg%20xmlns%3D%22http%3A%2F%2Fwww.w3.org%2F2000%2Fsvg%22%20viewBox%3D%220%200%20300%20100%22%20width%3D%22300%22%20height%3D%22100%22%3E%3Crect%20width%3D%22100%25%22%20height%3D%22100%25%22%20fill%3D%22%236c7a89%22%20rx%3D%224%22%20ry%3D%224%22%3E%3C%2Frect%3E%3Cline%20x1%3D%220%25%22%20x2%3D%22100%25%22%20y1%3D%2250%25%22%20y2%3D%2250%25%22%20opacity%3D%220.3%22%20stroke%3D%22white%22%20stroke-dasharray%3D%2217%22%3E%3C%2Fline%3E%3C%2Fsvg%3E"`;

exports[`Evidence SVG stats 1`] = `"data:image/svg+xml;charset=utf-8,%3Csvg%20xmlns%3D%22http%3A%2F%2Fwww.w3.org%2F2000%2Fsvg%22%20viewBox%3D%220%200%20300%20100%22%20width%3D%22300%22%20height%3D%22100%22%3E%3Crect%20width%3D%22100%25%22%20height%3D%22100%25%22%20fill%3D%22%23e47833%22%20rx%3D%224%22%20ry%3D%224%22%3E%3C%2Frect%3E%3Cline%20x1%3D%220%25%22%20x2%3D%22100%25%22%20y1%3D%2250%25%22%20y2%3D%2250%25%22%20opacity%3D%220.3%22%20stroke%3D%22white%22%20stroke-dasharray%3D%2217%22%3E%3C%2Fline%3E%3Cline%20x1%3D%220%25%22%20x2%3D%22100%25%22%20y1%3D%2250%25%22%20y2%3D%2250%25%22%20opacity%3D%220.4%22%20stroke%3D%22white%22%20stroke-width%3D%223%22%3E%3C%2Fline%3E%3Cpath%20d%3D%22M0%2010%20L150%2018%20L300%2025.999999999999996%20%22%20fill%3D%22none%22%20stroke%3D%22white%22%20opacity%3D%221%22%20stroke-width%3D%225%22%3E%3C%2Fpath%3E%3C%2Fsvg%3E"`;

exports[`Virt. evidence SVG stats 1`] = `"data:image/svg+xml;charset=utf-8,%3Csvg%20xmlns%3D%22http%3A%2F%2Fwww.w3.org%2F2000%2Fsvg%22%20viewBox%3D%220%200%20300%20100%22%20width%3D%22300%22%20height%3D%22100%22%3E%3Crect%20width%3D%22100%25%22%20height%3D%22100%25%22%20fill%3D%22%236c7a89%22%20rx%3D%224%22%20ry%3D%224%22%3E%3C%2Frect%3E%3Cline%20x1%3D%220%25%22%20x2%3D%22100%25%22%20y1%3D%2250%25%22%20y2%3D%2250%25%22%20opacity%3D%220.3%22%20stroke%3D%22white%22%20stroke-dasharray%3D%2217%22%3E%3C%2Fline%3E%3Cline%20x1%3D%220%25%22%20x2%3D%22100%25%22%20y1%3D%2250%25%22%20y2%3D%2250%25%22%20opacity%3D%220.4%22%20stroke%3D%22white%22%20stroke-width%3D%223%22%3E%3C%2Fline%3E%3C%2Fsvg%3E"`;
